I'm sorry, but errors were detected in your script. Please correct the
errors listed below, and try again.


File "game/script.rpy", line 1996: '{' was never closed
    centered "{color=#fff}Hari Sabtu - Sekolah Diliburkan{/color}"
              ^

Ren'Py Version: Ren'Py 8.4.1.25072401
Tue Dec  9 11:09:45 2025
